Fri May  8 11:24:31 CST 2026
;; 1. Based on: run33
;; 2. Description: PK Basic model QC FIX_add
;; x1. Author: DUXACT
;; 3. Label:
$PROBLEM   
$INPUT      C ID CYCLE DAY=DROP TIME NTIME=DROP DV AMT RATE DUR CMT
            DOSE MDV EVID BQL TYPE STUDY SEX WT AGE
$DATA      NM_dat_new.csv IGNORE=C
$SUBROUTINE ADVAN3 TRANS4
$PK
D1=DUR
CL = THETA(1) * EXP(ETA(1)) 
V1 = THETA(2) * EXP(ETA(2))
Q  = THETA(3) * EXP(ETA(3))
V2 = THETA(4) * EXP(ETA(4))
S1 = V1/1000 ; AMT unit:mg ; V output unit: L ; DV unit:ng/mL

$ERROR
IPRED = F
    W = SQRT(THETA(5)**2*IPRED**2 + THETA(6)**2)
    Y = IPRED + W*EPS(1)
 IRES = DV-IPRED
IWRES = IRES/W

$THETA  (0,0.0122) ; CL_L/h
 (0,4.36) ; V1_L
 (0,0.0207) ; Q_L/h
 (0,2) ; V2_L
 (0,0.141) ; Prop.RE (sd)
 0 FIX ; Add.RE (sd)
$OMEGA  0.222  ;     IIV CL
 0.0521  ;     IIV V1
 0  FIX  ;      IIV Q
 0  FIX  ;     IIV V2
$SIGMA  1  FIX  ; Proportional error PK
$ESTIMATION METHOD=1 INTER MAXEVAL=9999 NOABORT SIG=3 PRINT=10
; Xpose
$COVARIANCE
$TABLE      ID TIME DV MDV PRED IPRED CWRES CIWRES STUDY ONEHEADER
            NOPRINT NOAPPEND FILE=SDTAB38 FORMAT=s1PE14.7
$TABLE      ID CL V1 Q V2 ETA1 ETA2 ETA3 ETA4 NOPRINT NOAPPEND
            ONEHEADER FILE=PATAB38
$TABLE      ID ETA1 ETA2 ETA3 ETA4 FIRSTONLY NOAPPEND NOPRINT
            FILE=00038.ETA
$TABLE      ID WT SEX STUDY NOPRINT NOAPPEND ONEHEADER FILE=CATAB38
$TABLE      ID AGE NOPRINT NOAPPEND ONEHEADER FILE=COTAB38


NM-TRAN MESSAGES
  
 WARNINGS AND ERRORS (IF ANY) FOR PROBLEM    1
             
 (WARNING  2) NM-TRAN INFERS THAT THE DATA ARE POPULATION.
  
Note: Analytical 2nd Derivatives are constructed in FSUBS but are never used.
      You may insert $ABBR DERIV2=NO after the first $PROB to save FSUBS construction and compilation time
  

License Registered to: Changsha Duxact Biotechnology Co Ltd
Expiration Date:    14 MAY 2027
Current Date:        8 MAY 2026
Days until program expires : 371
1NONLINEAR MIXED EFFECTS MODEL PROGRAM (NONMEM) VERSION 7.6.0 (nm760)
 ORIGINALLY DEVELOPED BY STUART BEAL, LEWIS SHEINER, AND ALISON BOECKMANN
 CURRENT DEVELOPERS ARE ROBERT BAUER, ICON DEVELOPMENT SOLUTIONS,
 AND ALISON BOECKMANN. IMPLEMENTATION, EFFICIENCY, AND STANDARDIZATION
 PERFORMED BY NOUS INFOSYSTEMS.

 PROBLEM NO.:         1

0DATA CHECKOUT RUN:              NO
 DATA SET LOCATED ON UNIT NO.:    2
 THIS UNIT TO BE REWOUND:        NO
 CREATE/ADD TO FDATA.csv:        YES
 NO. OF DATA RECS IN DATA SET:      742
 NO. OF DATA ITEMS IN DATA SET:  18
 ID DATA ITEM IS DATA ITEM NO.:   2
 DEP VARIABLE IS DATA ITEM NO.:   5
 MDV DATA ITEM IS DATA ITEM NO.: 11
0INDICES PASSED TO SUBROUTINE PRED:
  12   4   6   7   0   0   9   0   0   0   0
0LABELS FOR DATA ITEMS:
 C ID CYCLE TIME DV AMT RATE DUR CMT DOSE MDV EVID BQL TYPE STUDY SEX WT AGE
0(NONBLANK) LABELS FOR PRED-DEFINED ITEMS:
 CL V1 Q V2 IPRED
0FORMAT FOR DATA:
 (E1.0,E6.0,E2.0,E16.0,2E6.0,E2.0,2E1.0,E3.0,2E1.0,E4.0,5E5.0)

 TOT. NO. OF OBS RECS:      397
 TOT. NO. OF INDIVIDUALS:       40
0LENGTH OF THETA:   6
0DEFAULT THETA BOUNDARY TEST OMITTED:    NO
0OMEGA HAS BLOCK FORM:
  1
  0  2
  0  0  3
  0  0  0  4
0DEFAULT OMEGA BOUNDARY TEST OMITTED:    NO
0SIGMA HAS SIMPLE DIAGONAL FORM WITH DIMENSION:   1
0DEFAULT SIGMA BOUNDARY TEST OMITTED:    NO
0INITIAL ESTIMATE OF THETA:
 LOWER BOUND    INITIAL EST    UPPER BOUND
  0.0000E+00     0.1220E-01     0.1000E+07
  0.0000E+00     0.4360E+01     0.1000E+07
  0.0000E+00     0.2070E-01     0.1000E+07
  0.0000E+00     0.2000E+01     0.1000E+07
  0.0000E+00     0.1410E+00     0.1000E+07
  0.0000E+00     0.0000E+00     0.0000E+00
0INITIAL ESTIMATE OF OMEGA:
 BLOCK SET NO.   BLOCK                                                                    FIXED
        1                                                                                   NO
                  0.2220E+00
        2                                                                                   NO
                  0.5210E-01
        3                                                                                  YES
                  0.0000E+00
        4                                                                                  YES
                  0.0000E+00
0INITIAL ESTIMATE OF SIGMA:
 0.1000E+01
0SIGMA CONSTRAINED TO BE THIS INITIAL ESTIMATE
0COVARIANCE STEP OMITTED:        NO
 EIGENVLS. PRINTED:              NO
 SPECIAL COMPUTATION:            NO
 COMPRESSED FORMAT:              NO
 GRADIENT METHOD USED:     NOSLOW
 SIGDIGITS ETAHAT (SIGLO):                  -1
 SIGDIGITS GRADIENTS (SIGL):                -1
 EXCLUDE COV FOR FOCE (NOFCOV):              NO
 Cholesky Transposition of R Matrix (CHOLROFF):0
 KNUTHSUMOFF:                                -1
 RESUME COV ANALYSIS (RESUME):               NO
 SIR SAMPLE SIZE (SIRSAMPLE):
 NON-LINEARLY TRANSFORM THETAS DURING COV (THBND): 1
 PRECONDTIONING CYCLES (PRECOND):        0
 PRECONDTIONING TYPES (PRECONDS):        TOS
 FORCED PRECONDTIONING CYCLES (PFCOND):0
 PRECONDTIONING TYPE (PRETYPE):        0
 FORCED POS. DEFINITE SETTING DURING PRECONDITIONING: (FPOSDEF):0
 SIMPLE POS. DEFINITE SETTING: (POSDEF):-1
0TABLES STEP OMITTED:    NO
 NO. OF TABLES:           5
 SEED NUMBER (SEED):    11456
 NPDTYPE:    0
 INTERPTYPE:    0
 RANMETHOD:             3U
 MC SAMPLES (ESAMPLE):    300
 WRES SQUARE ROOT TYPE (WRESCHOL): EIGENVALUE
0-- TABLE   1 --
0RECORDS ONLY:    ALL
04 COLUMNS APPENDED:    NO
 PRINTED:                NO
 HEADER:                YES
 FILE TO BE FORWARDED:   NO
 FORMAT:                s1PE14.7
 IDFORMAT:
 LFORMAT:
 RFORMAT:
 FIXED_EFFECT_ETAS:
0USER-CHOSEN ITEMS:
 ID TIME DV MDV PRED IPRED CWRES CIWRES STUDY
0-- TABLE   2 --
0RECORDS ONLY:    ALL
04 COLUMNS APPENDED:    NO
 PRINTED:                NO
 HEADER:                YES
 FILE TO BE FORWARDED:   NO
 FORMAT:                s1PE14.7
 IDFORMAT:
 LFORMAT:
 RFORMAT:
 FIXED_EFFECT_ETAS:
0USER-CHOSEN ITEMS:
 ID CL V1 Q V2 ETA1 ETA2 ETA3 ETA4
0-- TABLE   3 --
0RECORDS ONLY:    FIRSTONLY
04 COLUMNS APPENDED:    NO
 PRINTED:                NO
 HEADER:                YES
 FILE TO BE FORWARDED:   NO
 FORMAT:                s1PE14.7
 IDFORMAT:
 LFORMAT:
 RFORMAT:
 FIXED_EFFECT_ETAS:
0USER-CHOSEN ITEMS:
 ID ETA1 ETA2 ETA3 ETA4
0-- TABLE   4 --
0RECORDS ONLY:    ALL
04 COLUMNS APPENDED:    NO
 PRINTED:                NO
 HEADER:                YES
 FILE TO BE FORWARDED:   NO
 FORMAT:                s1PE14.7
 IDFORMAT:
 LFORMAT:
 RFORMAT:
 FIXED_EFFECT_ETAS:
0USER-CHOSEN ITEMS:
 ID WT SEX STUDY
0-- TABLE   5 --
0RECORDS ONLY:    ALL
04 COLUMNS APPENDED:    NO
 PRINTED:                NO
 HEADER:                YES
 FILE TO BE FORWARDED:   NO
 FORMAT:                s1PE14.7
 IDFORMAT:
 LFORMAT:
 RFORMAT:
 FIXED_EFFECT_ETAS:
0USER-CHOSEN ITEMS:
 ID AGE
1DOUBLE PRECISION PREDPP VERSION 7.6.0 (nm760)

 TWO COMPARTMENT MODEL (ADVAN3)
0MAXIMUM NO. OF BASIC PK PARAMETERS:   4
0BASIC PK PARAMETERS (AFTER TRANSLATION):
   BASIC PK PARAMETER NO.  1: ELIMINATION RATE (K)
   BASIC PK PARAMETER NO.  2: CENTRAL-TO-PERIPH. RATE (K12)
   BASIC PK PARAMETER NO.  3: PERIPH.-TO-CENTRAL RATE (K21)
 TRANSLATOR WILL CONVERT PARAMETERS
 CL, V1, Q, V2 TO K, K12, K21 (TRANS4)
0COMPARTMENT ATTRIBUTES
 COMPT. NO.   FUNCTION   INITIAL    ON/OFF      DOSE      DEFAULT    DEFAULT
                         STATUS     ALLOWED    ALLOWED    FOR DOSE   FOR OBS.
    1         CENTRAL      ON         NO         YES        YES        YES
    2         PERIPH.      ON         NO         YES        NO         NO
    3         OUTPUT       OFF        YES        NO         NO         NO
1
 ADDITIONAL PK PARAMETERS - ASSIGNMENT OF ROWS IN GG
 COMPT. NO.                             INDICES
              SCALE      BIOAVAIL.   ZERO-ORDER  ZERO-ORDER  ABSORB
                         FRACTION    RATE        DURATION    LAG
    1            6           *           *           5           *
    2            *           *           *           *           *
    3            *           -           -           -           -
             - PARAMETER IS NOT ALLOWED FOR THIS MODEL
             * PARAMETER IS NOT SUPPLIED BY PK SUBROUTINE;
               WILL DEFAULT TO ONE IF APPLICABLE
0DATA ITEM INDICES USED BY PRED ARE:
   EVENT ID DATA ITEM IS DATA ITEM NO.:     12
   TIME DATA ITEM IS DATA ITEM NO.:          4
   DOSE AMOUNT DATA ITEM IS DATA ITEM NO.:   6
   DOSE RATE DATA ITEM IS DATA ITEM NO.:     7
   COMPT. NO. DATA ITEM IS DATA ITEM NO.:    9

0PK SUBROUTINE CALLED WITH EVERY EVENT RECORD.
 PK SUBROUTINE NOT CALLED AT NONEVENT (ADDITIONAL OR LAGGED) DOSE TIMES.
0ERROR SUBROUTINE CALLED WITH EVERY EVENT RECORD.
1


 #TBLN:      1
 #METH: First Order Conditional Estimation with Interaction

 ESTIMATION STEP OMITTED:                 NO
 SHRINK INFO WITH EVALUATION (EVALSHRINK) NO
 ANALYSIS TYPE:                           POPULATION
 NUMBER OF SADDLE POINT RESET ITERATIONS:      0
 GRADIENT METHOD USED:               NOSLOW
 CONDITIONAL ESTIMATES USED:              YES
 CENTERED ETA:                            NO
 EPS-ETA INTERACTION:                     YES
 LAPLACIAN OBJ. FUNC.:                    NO
 NO. OF FUNCT. EVALS. ALLOWED:            9999
 NO. OF SIG. FIGURES REQUIRED:            3
 INTERMEDIATE PRINTOUT:                   YES
 ESTIMATE OUTPUT TO MSF:                  NO
 ABORT WITH PRED EXIT CODE 1:             NO
 IND. OBJ. FUNC. VALUES SORTED:           NO
 NUMERICAL DERIVATIVE
       FILE REQUEST (NUMDER):               NONE
 MAP (ETAHAT) ESTIMATION METHOD (OPTMAP):   0
 ETA HESSIAN EVALUATION METHOD (ETADER):    0
 INITIAL ETA FOR MAP ESTIMATION (MCETA):    0
 SIGDIGITS FOR MAP ESTIMATION (SIGLO):      100
 GRADIENT SIGDIGITS OF
       FIXED EFFECTS PARAMETERS (SIGL):     100
 NOPRIOR SETTING (NOPRIOR):                 0
 NOCOV SETTING (NOCOV):                     OFF
 DERCONT SETTING (DERCONT):                 OFF
 FINAL ETA RE-EVALUATION (FNLETA):          1
 EXCLUDE NON-INFLUENTIAL (NON-INFL.) ETAS
       IN SHRINKAGE (ETASTYPE):             NO
 NON-INFL. ETA CORRECTION (NONINFETA):      0
 RAW OUTPUT FILE (FILE): psn.ext
 EXCLUDE TITLE (NOTITLE):                   NO
 EXCLUDE COLUMN LABELS (NOLABEL):           NO
 FORMAT FOR ADDITIONAL FILES (FORMAT):      S1PE12.5
 PARAMETER ORDER FOR OUTPUTS (ORDER):       TSOL
 KNUTHSUMOFF:                               0
 INCLUDE LNTWOPI:                           NO
 INCLUDE CONSTANT TERM TO PRIOR (PRIORC):   NO
 INCLUDE CONSTANT TERM TO OMEGA (ETA) (OLNTWOPI):NO
 ADDITIONAL CONVERGENCE TEST (CTYPE=4)?:    NO
 EM OR BAYESIAN METHOD USED:                 NONE


 THE FOLLOWING LABELS ARE EQUIVALENT
 PRED=PREDI
 RES=RESI
 WRES=WRESI
 IWRS=IWRESI
 IPRD=IPREDI
 IRS=IRESI

 MONITORING OF SEARCH:


0ITERATION NO.:    0    OBJECTIVE VALUE:   7665.50061916689        NO. OF FUNC. EVALS.:   7
 CUMULATIVE NO. OF FUNC. EVALS.:        7
 NPARAMETR:  1.2200E-02  4.3600E+00  2.0700E-02  2.0000E+00  1.4100E-01  2.2200E-01  5.2100E-02
 PARAMETER:  1.0000E-01  1.0000E-01  1.0000E-01  1.0000E-01  1.0000E-01  1.0000E-01  1.0000E-01
 GRADIENT:   2.1079E+00  1.6959E+00 -1.4843E-01  6.1503E-01 -7.2441E-01  8.9382E-02 -5.3300E-02

0ITERATION NO.:    8    OBJECTIVE VALUE:   7665.49766591753        NO. OF FUNC. EVALS.: 132
 CUMULATIVE NO. OF FUNC. EVALS.:      139
 NPARAMETR:  1.2164E-02  4.3569E+00  2.0732E-02  1.9965E+00  1.4108E-01  2.2158E-01  5.2147E-02
 PARAMETER:  9.7062E-02  9.9293E-02  1.0157E-01  9.8268E-02  1.0054E-01  9.9051E-02  1.0045E-01
 GRADIENT:  -2.9757E-03  8.0156E-03  5.8826E-03 -7.8706E-04  1.8051E-03 -1.9701E-03 -6.3331E-04

 #TERM:
0MINIMIZATION SUCCESSFUL
 HOWEVER, PROBLEMS OCCURRED WITH THE MINIMIZATION.
 REGARD THE RESULTS OF THE ESTIMATION STEP CAREFULLY, AND ACCEPT THEM ONLY
 AFTER CHECKING THAT THE COVARIANCE STEP PRODUCES REASONABLE OUTPUT.
 NO. OF FUNCTION EVALUATIONS USED:      139
 NO. OF SIG. DIGITS IN FINAL EST.:  3.4

 ETABAR IS THE ARITHMETIC MEAN OF THE ETA-ESTIMATES,
 AND THE P-VALUE IS GIVEN FOR THE NULL HYPOTHESIS THAT THE TRUE MEAN IS 0.

 ETABAR:         6.3353E-03 -4.0441E-03  0.0000E+00  0.0000E+00
 SE:             7.1466E-02  3.3757E-02  0.0000E+00  0.0000E+00
 N:                      40          40          40          40

 P VAL.:         9.2936E-01  9.0464E-01  1.0000E+00  1.0000E+00

 ETASHRINKSD(%)  3.9694E+00  6.4898E+00  0.0000E+00  0.0000E+00
 ETASHRINKVR(%)  7.7812E+00  1.2558E+01  0.0000E+00  0.0000E+00
 EBVSHRINKSD(%)  3.4315E+00  6.5345E+00  0.0000E+00  0.0000E+00
 EBVSHRINKVR(%)  6.7453E+00  1.2642E+01  0.0000E+00  0.0000E+00
 RELATIVEINF(%)  9.3236E+01  8.7340E+01  0.0000E+00  0.0000E+00
 EPSSHRINKSD(%)  9.0548E+00
 EPSSHRINKVR(%)  1.7290E+01

  
 TOTAL DATA POINTS NORMALLY DISTRIBUTED (N):          397
 N*LOG(2PI) CONSTANT TO OBJECTIVE FUNCTION:    729.63719536451015     
 OBJECTIVE FUNCTION VALUE WITHOUT CONSTANT:    7665.4976659175272     
 OBJECTIVE FUNCTION VALUE WITH CONSTANT:       8395.1348612820366     
 REPORTED OBJECTIVE FUNCTION DOES NOT CONTAIN CONSTANT
  
 TOTAL EFFECTIVE ETAS (NIND*NETA):                            80
  
 #TERE:
 Elapsed estimation  time in seconds:     0.32
 Elapsed covariance  time in seconds:     0.27
 Elapsed postprocess time in seconds:     0.01
1
 
 
 
 
 
 
 
 
 
 
 
 
 
 
 
 
 
 
 
 
 ************************************************************************************************************************
 ********************                                                                                ********************
 ********************               FIRST ORDER CONDITIONAL ESTIMATION WITH INTERACTION              ********************
 #OBJT:**************                       MINIMUM VALUE OF OBJECTIVE FUNCTION                      ********************
 ********************                                                                                ********************
 ************************************************************************************************************************
 





 #OBJV:********************************************          7665.498       *********************************************
1
 ************************************************************************************************************************
 ********************                                                                                ********************
 ********************               FIRST ORDER CONDITIONAL ESTIMATION WITH INTERACTION              ********************
 ********************                             FINAL PARAMETER ESTIMATE                           ********************
 ********************                                                                                ********************
 ************************************************************************************************************************
 


 THETA - VECTOR OF FIXED EFFECTS PARAMETERS   *********


         TH 1      TH 2      TH 3      TH 4      TH 5      TH 6     
 
         1.22E-02  4.36E+00  2.07E-02  2.00E+00  1.41E-01  0.00E+00
 


 OMEGA - COV MATRIX FOR RANDOM EFFECTS - ETAS  ********


         ETA1      ETA2      ETA3      ETA4     
 
 ETA1
+        2.22E-01
 
 ETA2
+        0.00E+00  5.21E-02
 
 ETA3
+        0.00E+00  0.00E+00  0.00E+00
 
 ETA4
+        0.00E+00  0.00E+00  0.00E+00  0.00E+00
 


 SIGMA - COV MATRIX FOR RANDOM EFFECTS - EPSILONS  ****


         EPS1     
 
 EPS1
+        1.00E+00
 
1


 OMEGA - CORR MATRIX FOR RANDOM EFFECTS - ETAS  *******


         ETA1      ETA2      ETA3      ETA4     
 
 ETA1
+        4.71E-01
 
 ETA2
+        0.00E+00  2.28E-01
 
 ETA3
+        0.00E+00  0.00E+00  0.00E+00
 
 ETA4
+        0.00E+00  0.00E+00  0.00E+00  0.00E+00
 


 SIGMA - CORR MATRIX FOR RANDOM EFFECTS - EPSILONS  ***


         EPS1     
 
 EPS1
+        1.00E+00
 
1
 ************************************************************************************************************************
 ********************                                                                                ********************
 ********************               FIRST ORDER CONDITIONAL ESTIMATION WITH INTERACTION              ********************
 ********************                            STANDARD ERROR OF ESTIMATE                          ********************
 ********************                                                                                ********************
 ************************************************************************************************************************
 


 THETA - VECTOR OF FIXED EFFECTS PARAMETERS   *********


         TH 1      TH 2      TH 3      TH 4      TH 5      TH 6     
 
         8.19E-04  1.65E-01  3.14E-03  2.29E-01  1.31E-02 .........
 


 OMEGA - COV MATRIX FOR RANDOM EFFECTS - ETAS  ********


         ETA1      ETA2      ETA3      ETA4     
 
 ETA1
+        8.46E-02
 
 ETA2
+       .........  1.12E-02
 
 ETA3
+       ......... ......... .........
 
 ETA4
+       ......... ......... ......... .........
 


 SIGMA - COV MATRIX FOR RANDOM EFFECTS - EPSILONS  ****


         EPS1     
 
 EPS1
+       .........
 
1


 OMEGA - CORR MATRIX FOR RANDOM EFFECTS - ETAS  *******


         ETA1      ETA2      ETA3      ETA4     
 
 ETA1
+        8.99E-02
 
 ETA2
+       .........  2.45E-02
 
 ETA3
+       ......... ......... .........
 
 ETA4
+       ......... ......... ......... .........
 


 SIGMA - CORR MATRIX FOR RANDOM EFFECTS - EPSILONS  ***


         EPS1     
 
 EPS1
+       .........
 
1
 ************************************************************************************************************************
 ********************                                                                                ********************
 ********************               FIRST ORDER CONDITIONAL ESTIMATION WITH INTERACTION              ********************
 ********************                          COVARIANCE MATRIX OF ESTIMATE                         ********************
 ********************                                                                                ********************
 ************************************************************************************************************************
 

            TH 1      TH 2      TH 3      TH 4      TH 5      TH 6      OM11      OM12      OM13      OM14      OM22      OM23  
             OM24      OM33      OM34      OM44      SG11  
 
 TH 1
+        6.71E-07
 
 TH 2
+        5.51E-06  2.73E-02
 
 TH 3
+       -7.63E-07  8.04E-06  9.89E-06
 
 TH 4
+       -3.68E-05  1.11E-02  4.40E-04  5.24E-02
 
 TH 5
+       -5.11E-07  4.98E-04 -1.46E-05 -5.07E-04  1.73E-04
 
 TH 6
+       ......... ......... ......... ......... ......... .........
 
 OM11
+        2.67E-05  4.84E-03 -4.38E-05  4.42E-04  4.94E-04 .........  7.16E-03
 
 OM12
+       ......... ......... ......... ......... ......... ......... ......... .........
 
 OM13
+       ......... ......... ......... ......... ......... ......... ......... ......... .........
 
 OM14
+       ......... ......... ......... ......... ......... ......... ......... ......... ......... .........
 
 OM22
+        2.25E-06 -1.95E-04 -4.15E-06  3.20E-05  1.17E-05 ......... -1.26E-04 ......... ......... .........  1.25E-04
 
 OM23
+       ......... ......... ......... ......... ......... ......... ......... ......... ......... ......... ......... .........
 
 OM24
+       ......... ......... ......... ......... ......... ......... ......... ......... ......... ......... ......... .........
         .........
 
 OM33
+       ......... ......... ......... ......... ......... ......... ......... ......... ......... ......... ......... .........
         ......... .........
 
 OM34
+       ......... ......... ......... ......... ......... ......... ......... ......... ......... ......... ......... .........
         ......... ......... .........
 
 OM44
+       ......... ......... ......... ......... ......... ......... ......... ......... ......... ......... ......... .........
         ......... ......... ......... .........
 
 SG11
+       ......... ......... ......... ......... ......... ......... ......... ......... ......... ......... ......... .........
         ......... ......... ......... ......... .........
 
1
 ************************************************************************************************************************
 ********************                                                                                ********************
 ********************               FIRST ORDER CONDITIONAL ESTIMATION WITH INTERACTION              ********************
 ********************                          CORRELATION MATRIX OF ESTIMATE                        ********************
 ********************                                                                                ********************
 ************************************************************************************************************************
 

            TH 1      TH 2      TH 3      TH 4      TH 5      TH 6      OM11      OM12      OM13      OM14      OM22      OM23  
             OM24      OM33      OM34      OM44      SG11  
 
 TH 1
+        8.19E-04
 
 TH 2
+        4.07E-02  1.65E-01
 
 TH 3
+       -2.96E-01  1.55E-02  3.14E-03
 
 TH 4
+       -1.96E-01  2.94E-01  6.11E-01  2.29E-01
 
 TH 5
+       -4.75E-02  2.30E-01 -3.54E-01 -1.69E-01  1.31E-02
 
 TH 6
+       ......... ......... ......... ......... ......... .........
 
 OM11
+        3.86E-01  3.47E-01 -1.64E-01  2.28E-02  4.44E-01 .........  8.46E-02
 
 OM12
+       ......... ......... ......... ......... ......... ......... ......... .........
 
 OM13
+       ......... ......... ......... ......... ......... ......... ......... ......... .........
 
 OM14
+       ......... ......... ......... ......... ......... ......... ......... ......... ......... .........
 
 OM22
+        2.45E-01 -1.06E-01 -1.18E-01  1.25E-02  7.97E-02 ......... -1.33E-01 ......... ......... .........  1.12E-02
 
 OM23
+       ......... ......... ......... ......... ......... ......... ......... ......... ......... ......... ......... .........
 
 OM24
+       ......... ......... ......... ......... ......... ......... ......... ......... ......... ......... ......... .........
         .........
 
 OM33
+       ......... ......... ......... ......... ......... ......... ......... ......... ......... ......... ......... .........
         ......... .........
 
 OM34
+       ......... ......... ......... ......... ......... ......... ......... ......... ......... ......... ......... .........
         ......... ......... .........
 
 OM44
+       ......... ......... ......... ......... ......... ......... ......... ......... ......... ......... ......... .........
         ......... ......... ......... .........
 
 SG11
+       ......... ......... ......... ......... ......... ......... ......... ......... ......... ......... ......... .........
         ......... ......... ......... ......... .........
 
1
 ************************************************************************************************************************
 ********************                                                                                ********************
 ********************               FIRST ORDER CONDITIONAL ESTIMATION WITH INTERACTION              ********************
 ********************                      INVERSE COVARIANCE MATRIX OF ESTIMATE                     ********************
 ********************                                                                                ********************
 ************************************************************************************************************************
 

            TH 1      TH 2      TH 3      TH 4      TH 5      TH 6      OM11      OM12      OM13      OM14      OM22      OM23  
             OM24      OM33      OM34      OM44      SG11  
 
 TH 1
+        2.61E+06
 
 TH 2
+       -3.51E+02  4.86E+01
 
 TH 3
+        1.48E+05  3.86E+02  1.98E+05
 
 TH 4
+        1.53E+03 -1.47E+01 -1.52E+03  3.70E+01
 
 TH 5
+        7.26E+04 -1.01E+02  1.23E+04  7.89E+01  1.03E+04
 
 TH 6
+       ......... ......... ......... ......... ......... .........
 
 OM11
+       -1.48E+04 -1.98E+01 -2.92E+02 -1.52E+01 -8.97E+02 .........  2.80E+02
 
 OM12
+       ......... ......... ......... ......... ......... ......... ......... .........
 
 OM13
+       ......... ......... ......... ......... ......... ......... ......... ......... .........
 
 OM14
+       ......... ......... ......... ......... ......... ......... ......... ......... ......... .........
 
 OM22
+       -6.46E+04  8.85E+01  3.49E+03 -1.33E+02 -2.95E+03 .........  5.95E+02 ......... ......... .........  1.03E+04
 
 OM23
+       ......... ......... ......... ......... ......... ......... ......... ......... ......... ......... ......... .........
 
 OM24
+       ......... ......... ......... ......... ......... ......... ......... ......... ......... ......... ......... .........
         .........
 
 OM33
+       ......... ......... ......... ......... ......... ......... ......... ......... ......... ......... ......... .........
         ......... .........
 
 OM34
+       ......... ......... ......... ......... ......... ......... ......... ......... ......... ......... ......... .........
         ......... ......... .........
 
 OM44
+       ......... ......... ......... ......... ......... ......... ......... ......... ......... ......... ......... .........
         ......... ......... ......... .........
 
 SG11
+       ......... ......... ......... ......... ......... ......... ......... ......... ......... ......... ......... .........
         ......... ......... ......... ......... .........
 
 Elapsed finaloutput time in seconds:     0.01
 #CPUT: Total CPU Time in Seconds,        0.646
Stop Time:
Fri May  8 11:24:39 CST 2026
